#Timing report of worst 10 path(s)
# Unit scale: 1e-09 seconds
# Output precision: 3

#Path 1
Startpoint: dual_port_RAM.ram_dual_port^FF~47.Q[0] (.latch clocked by dual_port_RAM^clk)
Endpoint  : out:dual_port_RAM^dout~0.outpad[0] (.output clocked by dual_port_RAM^clk)
Path Type : setup

Point                                                                    Incr      Path
---------------------------------------------------------------------------------------
clock dual_port_RAM^clk (rise edge)                                     0.000     0.000
clock source latency                                                    0.000     0.000
dual_port_RAM^clk.inpad[0] (.input)                                     0.000     0.000
dual_port_RAM.ram_dual_port^FF~47.clk[0] (.latch)                       0.042     0.042
dual_port_RAM.ram_dual_port^FF~47.Q[0] (.latch) [clock-to-output]       0.124     0.166
n39.in[1] (.names)                                                      0.494     0.660
n39.out[0] (.names)                                                     0.235     0.895
dual_port_RAM^dout~0.in[1] (.names)                                     0.248     1.143
dual_port_RAM^dout~0.out[0] (.names)                                    0.235     1.378
out:dual_port_RAM^dout~0.outpad[0] (.output)                            0.488     1.866
data arrival time                                                                 1.866

clock dual_port_RAM^clk (rise edge)                                     0.000     0.000
clock source latency                                                    0.000     0.000
clock uncertainty                                                       0.000     0.000
output external delay                                                   0.000     0.000
data required time                                                                0.000
---------------------------------------------------------------------------------------
data required time                                                                0.000
data arrival time                                                                -1.866
---------------------------------------------------------------------------------------
slack (VIOLATED)                                                                 -1.866


#Path 2
Startpoint: dual_port_RAM^addr_rd~1.inpad[0] (.input clocked by dual_port_RAM^clk)
Endpoint  : out:dual_port_RAM^dout~1.outpad[0] (.output clocked by dual_port_RAM^clk)
Path Type : setup

Point                                                               Incr      Path
----------------------------------------------------------------------------------
clock dual_port_RAM^clk (rise edge)                                0.000     0.000
clock source latency                                               0.000     0.000
input external delay                                               0.000     0.000
dual_port_RAM^addr_rd~1.inpad[0] (.input)                          0.000     0.000
n42.in[2] (.names)                                                 0.567     0.567
n42.out[0] (.names)                                                0.235     0.802
dual_port_RAM^dout~1.in[1] (.names)                                0.474     1.276
dual_port_RAM^dout~1.out[0] (.names)                               0.235     1.511
out:dual_port_RAM^dout~1.outpad[0] (.output)                       0.262     1.773
data arrival time                                                            1.773

clock dual_port_RAM^clk (rise edge)                                0.000     0.000
clock source latency                                               0.000     0.000
clock uncertainty                                                  0.000     0.000
output external delay                                              0.000     0.000
data required time                                                           0.000
----------------------------------------------------------------------------------
data required time                                                           0.000
data arrival time                                                           -1.773
----------------------------------------------------------------------------------
slack (VIOLATED)                                                            -1.773


#Path 3
Startpoint: dual_port_RAM^addr_wr~1.inpad[0] (.input clocked by dual_port_RAM^clk)
Endpoint  : dual_port_RAM.ram_dual_port^FF~47.D[0] (.latch clocked by dual_port_RAM^clk)
Path Type : setup

Point                                                                    Incr      Path
---------------------------------------------------------------------------------------
clock dual_port_RAM^clk (rise edge)                                     0.000     0.000
clock source latency                                                    0.000     0.000
input external delay                                                    0.000     0.000
dual_port_RAM^addr_wr~1.inpad[0] (.input)                               0.000     0.000
n50_1.in[2] (.names)                                                    0.567     0.567
n50_1.out[0] (.names)                                                   0.235     0.802
n35.in[2] (.names)                                                      0.549     1.351
n35.out[0] (.names)                                                     0.235     1.586
dual_port_RAM.ram_dual_port^FF~47.D[0] (.latch)                         0.000     1.586
data arrival time                                                                 1.586

clock dual_port_RAM^clk (rise edge)                                     0.000     0.000
clock source latency                                                    0.000     0.000
dual_port_RAM^clk.inpad[0] (.input)                                     0.000     0.000
dual_port_RAM.ram_dual_port^FF~47.clk[0] (.latch)                       0.042     0.042
clock uncertainty                                                       0.000     0.042
cell setup time                                                        -0.066    -0.024
data required time                                                               -0.024
---------------------------------------------------------------------------------------
data required time                                                               -0.024
data arrival time                                                                -1.586
---------------------------------------------------------------------------------------
slack (VIOLATED)                                                                 -1.609


#Path 4
Startpoint: dual_port_RAM^addr_wr~1.inpad[0] (.input clocked by dual_port_RAM^clk)
Endpoint  : dual_port_RAM.ram_dual_port^FF~39.D[0] (.latch clocked by dual_port_RAM^clk)
Path Type : setup

Point                                                                    Incr      Path
---------------------------------------------------------------------------------------
clock dual_port_RAM^clk (rise edge)                                     0.000     0.000
clock source latency                                                    0.000     0.000
input external delay                                                    0.000     0.000
dual_port_RAM^addr_wr~1.inpad[0] (.input)                               0.000     0.000
n46_1.in[0] (.names)                                                    0.491     0.491
n46_1.out[0] (.names)                                                   0.235     0.726
n25.in[2] (.names)                                                      0.549     1.276
n25.out[0] (.names)                                                     0.235     1.511
dual_port_RAM.ram_dual_port^FF~39.D[0] (.latch)                         0.000     1.511
data arrival time                                                                 1.511

clock dual_port_RAM^clk (rise edge)                                     0.000     0.000
clock source latency                                                    0.000     0.000
dual_port_RAM^clk.inpad[0] (.input)                                     0.000     0.000
dual_port_RAM.ram_dual_port^FF~39.clk[0] (.latch)                       0.042     0.042
clock uncertainty                                                       0.000     0.042
cell setup time                                                        -0.066    -0.024
data required time                                                               -0.024
---------------------------------------------------------------------------------------
data required time                                                               -0.024
data arrival time                                                                -1.511
---------------------------------------------------------------------------------------
slack (VIOLATED)                                                                 -1.534


#Path 5
Startpoint: dual_port_RAM^addr_wr~1.inpad[0] (.input clocked by dual_port_RAM^clk)
Endpoint  : dual_port_RAM.ram_dual_port^FF~43.D[0] (.latch clocked by dual_port_RAM^clk)
Path Type : setup

Point                                                                    Incr      Path
---------------------------------------------------------------------------------------
clock dual_port_RAM^clk (rise edge)                                     0.000     0.000
clock source latency                                                    0.000     0.000
input external delay                                                    0.000     0.000
dual_port_RAM^addr_wr~1.inpad[0] (.input)                               0.000     0.000
n48.in[2] (.names)                                                      0.491     0.491
n48.out[0] (.names)                                                     0.235     0.726
n30.in[2] (.names)                                                      0.549     1.276
n30.out[0] (.names)                                                     0.235     1.511
dual_port_RAM.ram_dual_port^FF~43.D[0] (.latch)                         0.000     1.511
data arrival time                                                                 1.511

clock dual_port_RAM^clk (rise edge)                                     0.000     0.000
clock source latency                                                    0.000     0.000
dual_port_RAM^clk.inpad[0] (.input)                                     0.000     0.000
dual_port_RAM.ram_dual_port^FF~43.clk[0] (.latch)                       0.042     0.042
clock uncertainty                                                       0.000     0.042
cell setup time                                                        -0.066    -0.024
data required time                                                               -0.024
---------------------------------------------------------------------------------------
data required time                                                               -0.024
data arrival time                                                                -1.511
---------------------------------------------------------------------------------------
slack (VIOLATED)                                                                 -1.534


#Path 6
Startpoint: dual_port_RAM^addr_wr~1.inpad[0] (.input clocked by dual_port_RAM^clk)
Endpoint  : dual_port_RAM.ram_dual_port^FF~67.D[0] (.latch clocked by dual_port_RAM^clk)
Path Type : setup

Point                                                                    Incr      Path
---------------------------------------------------------------------------------------
clock dual_port_RAM^clk (rise edge)                                     0.000     0.000
clock source latency                                                    0.000     0.000
input external delay                                                    0.000     0.000
dual_port_RAM^addr_wr~1.inpad[0] (.input)                               0.000     0.000
n50_1.in[2] (.names)                                                    0.567     0.567
n50_1.out[0] (.names)                                                   0.235     0.802
n55.in[2] (.names)                                                      0.399     1.200
n55.out[0] (.names)                                                     0.235     1.435
dual_port_RAM.ram_dual_port^FF~67.D[0] (.latch)                         0.000     1.435
data arrival time                                                                 1.435

clock dual_port_RAM^clk (rise edge)                                     0.000     0.000
clock source latency                                                    0.000     0.000
dual_port_RAM^clk.inpad[0] (.input)                                     0.000     0.000
dual_port_RAM.ram_dual_port^FF~67.clk[0] (.latch)                       0.042     0.042
clock uncertainty                                                       0.000     0.042
cell setup time                                                        -0.066    -0.024
data required time                                                               -0.024
---------------------------------------------------------------------------------------
data required time                                                               -0.024
data arrival time                                                                -1.435
---------------------------------------------------------------------------------------
slack (VIOLATED)                                                                 -1.459


#Path 7
Startpoint: dual_port_RAM^addr_wr~0.inpad[0] (.input clocked by dual_port_RAM^clk)
Endpoint  : dual_port_RAM.ram_dual_port^FF~55.D[0] (.latch clocked by dual_port_RAM^clk)
Path Type : setup

Point                                                                    Incr      Path
---------------------------------------------------------------------------------------
clock dual_port_RAM^clk (rise edge)                                     0.000     0.000
clock source latency                                                    0.000     0.000
input external delay                                                    0.000     0.000
dual_port_RAM^addr_wr~0.inpad[0] (.input)                               0.000     0.000
n44.in[0] (.names)                                                      0.491     0.491
n44.out[0] (.names)                                                     0.235     0.726
n40.in[2] (.names)                                                      0.399     1.125
n40.out[0] (.names)                                                     0.235     1.360
dual_port_RAM.ram_dual_port^FF~55.D[0] (.latch)                         0.000     1.360
data arrival time                                                                 1.360

clock dual_port_RAM^clk (rise edge)                                     0.000     0.000
clock source latency                                                    0.000     0.000
dual_port_RAM^clk.inpad[0] (.input)                                     0.000     0.000
dual_port_RAM.ram_dual_port^FF~55.clk[0] (.latch)                       0.042     0.042
clock uncertainty                                                       0.000     0.042
cell setup time                                                        -0.066    -0.024
data required time                                                               -0.024
---------------------------------------------------------------------------------------
data required time                                                               -0.024
data arrival time                                                                -1.360
---------------------------------------------------------------------------------------
slack (VIOLATED)                                                                 -1.384


#Path 8
Startpoint: dual_port_RAM^addr_wr~1.inpad[0] (.input clocked by dual_port_RAM^clk)
Endpoint  : dual_port_RAM.ram_dual_port^FF~59.D[0] (.latch clocked by dual_port_RAM^clk)
Path Type : setup

Point                                                                    Incr      Path
---------------------------------------------------------------------------------------
clock dual_port_RAM^clk (rise edge)                                     0.000     0.000
clock source latency                                                    0.000     0.000
input external delay                                                    0.000     0.000
dual_port_RAM^addr_wr~1.inpad[0] (.input)                               0.000     0.000
n46_1.in[0] (.names)                                                    0.491     0.491
n46_1.out[0] (.names)                                                   0.235     0.726
n45.in[2] (.names)                                                      0.399     1.125
n45.out[0] (.names)                                                     0.235     1.360
dual_port_RAM.ram_dual_port^FF~59.D[0] (.latch)                         0.000     1.360
data arrival time                                                                 1.360

clock dual_port_RAM^clk (rise edge)                                     0.000     0.000
clock source latency                                                    0.000     0.000
dual_port_RAM^clk.inpad[0] (.input)                                     0.000     0.000
dual_port_RAM.ram_dual_port^FF~59.clk[0] (.latch)                       0.042     0.042
clock uncertainty                                                       0.000     0.042
cell setup time                                                        -0.066    -0.024
data required time                                                               -0.024
---------------------------------------------------------------------------------------
data required time                                                               -0.024
data arrival time                                                                -1.360
---------------------------------------------------------------------------------------
slack (VIOLATED)                                                                 -1.384


#Path 9
Startpoint: dual_port_RAM^addr_wr~0.inpad[0] (.input clocked by dual_port_RAM^clk)
Endpoint  : dual_port_RAM.ram_dual_port^FF~35.D[0] (.latch clocked by dual_port_RAM^clk)
Path Type : setup

Point                                                                    Incr      Path
---------------------------------------------------------------------------------------
clock dual_port_RAM^clk (rise edge)                                     0.000     0.000
clock source latency                                                    0.000     0.000
input external delay                                                    0.000     0.000
dual_port_RAM^addr_wr~0.inpad[0] (.input)                               0.000     0.000
n44.in[0] (.names)                                                      0.491     0.491
n44.out[0] (.names)                                                     0.235     0.726
n20.in[2] (.names)                                                      0.248     0.974
n20.out[0] (.names)                                                     0.235     1.209
dual_port_RAM.ram_dual_port^FF~35.D[0] (.latch)                         0.000     1.209
data arrival time                                                                 1.209

clock dual_port_RAM^clk (rise edge)                                     0.000     0.000
clock source latency                                                    0.000     0.000
dual_port_RAM^clk.inpad[0] (.input)                                     0.000     0.000
dual_port_RAM.ram_dual_port^FF~35.clk[0] (.latch)                       0.042     0.042
clock uncertainty                                                       0.000     0.042
cell setup time                                                        -0.066    -0.024
data required time                                                               -0.024
---------------------------------------------------------------------------------------
data required time                                                               -0.024
data arrival time                                                                -1.209
---------------------------------------------------------------------------------------
slack (VIOLATED)                                                                 -1.233


#Path 10
Startpoint: dual_port_RAM^addr_wr~1.inpad[0] (.input clocked by dual_port_RAM^clk)
Endpoint  : dual_port_RAM.ram_dual_port^FF~63.D[0] (.latch clocked by dual_port_RAM^clk)
Path Type : setup

Point                                                                    Incr      Path
---------------------------------------------------------------------------------------
clock dual_port_RAM^clk (rise edge)                                     0.000     0.000
clock source latency                                                    0.000     0.000
input external delay                                                    0.000     0.000
dual_port_RAM^addr_wr~1.inpad[0] (.input)                               0.000     0.000
n48.in[2] (.names)                                                      0.491     0.491
n48.out[0] (.names)                                                     0.235     0.726
n50.in[2] (.names)                                                      0.248     0.974
n50.out[0] (.names)                                                     0.235     1.209
dual_port_RAM.ram_dual_port^FF~63.D[0] (.latch)                         0.000     1.209
data arrival time                                                                 1.209

clock dual_port_RAM^clk (rise edge)                                     0.000     0.000
clock source latency                                                    0.000     0.000
dual_port_RAM^clk.inpad[0] (.input)                                     0.000     0.000
dual_port_RAM.ram_dual_port^FF~63.clk[0] (.latch)                       0.042     0.042
clock uncertainty                                                       0.000     0.042
cell setup time                                                        -0.066    -0.024
data required time                                                               -0.024
---------------------------------------------------------------------------------------
data required time                                                               -0.024
data arrival time                                                                -1.209
---------------------------------------------------------------------------------------
slack (VIOLATED)                                                                 -1.233


#End of timing report
